------------------------------------
Buffer Capacity: 500
Buffer Size: 0
Buffer isEmpty: 1
Buffer isFull: 0
------------------------------------
Putting values in buffer
------------------------------------
Buffer Capacity: 500
Buffer Size: 209
Buffer isEmpty: 0
Buffer isFull: 0
------------------------------------
Buffer contents: 
Clem then attempts to get access to Doctor Memory (the master control), and confuse the system with a riddle: "Why does the porridge bird lay his egg in the air?" This causes the President to shut itself down.
Resetting buffer
------------------------------------
Buffer Capacity: 500
Buffer Size: 0
Buffer isEmpty: 1
Buffer isFull: 0
------------------------------------
