------------------------------------
Buffer Capacity: 50
Buffer Size: 0
Buffer isEmpty: 1
Buffer isFull: 0
------------------------------------
Putting values in buffer
------------------------------------
Buffer Capacity: 50
Buffer Size: 50
Buffer isEmpty: 0
Buffer isFull: 1
------------------------------------
Buffer contents: 
out a little and see the watery part of the world.
Resetting buffer
------------------------------------
Buffer Capacity: 50
Buffer Size: 0
Buffer isEmpty: 1
Buffer isFull: 0
------------------------------------
